### debian挂在另外一个磁盘

- 使用fdisk分区

```shell
root@green26-dev-86:/# fdisk -l
Disk /dev/nvme0n1: 465.8 GiB, 500107862016 bytes, 976773168 sectors
Disk model: WDS500G3X0C-00SJG0
Units: sectors of 1 * 512 = 512 bytes
Sector size (logical/physical): 512 bytes / 512 bytes
I/O size (minimum/optimal): 512 bytes / 512 bytes
Disklabel type: gpt
Disk identifier: 01A307C6-32B6-45CA-9F13-48021019B243

Device             Start       End   Sectors   Size Type
/dev/nvme0n1p1      2048   1050623   1048576   512M EFI System
/dev/nvme0n1p2   1050624 909764607 908713984 433.3G Linux filesystem
/dev/nvme0n1p3 909764608 976771071  67006464    32G Linux swap


Disk /dev/sda: 1.8 TiB, 2000398934016 bytes, 3907029168 sectors
Disk model: WDC WD20EZAZ-00G
Units: sectors of 1 * 512 = 512 bytes
Sector size (logical/physical): 512 bytes / 4096 bytes
I/O size (minimum/optimal): 4096 bytes / 4096 bytes
Disklabel type: dos
Disk identifier: 0xb4278289

Device     Boot      Start        End    Sectors   Size Id Type
/dev/sda1             2048  976566271  976564224 465.7G 83 Linux
/dev/sda2        976566272 1953130495  976564224 465.7G 83 Linux
/dev/sda3       1953130496 3907028991 1953898496 931.7G 83 Linux
```

使用fdisk对磁盘/dev/sda进行重新分区

```shell
root@green26-dev-86:/# fdisk /dev/sda
```

完成分区后, 按:w 保存.

- 创建挂载点

```shell
mkdir -p /home /log /backup
```



- 编辑/etc/fstab或者修改/etc/rc.d/rc.local文件

```shell
 mount /dev/sda2 /log
```

